exports[`Cart takes snapshot 1`] = `
<div
  className="row m-t-1">
  <div
    className="col-xs-12 col-sm-12 col-md-12 col-lg-12"
    style={
      Object {
        "WebkitAnimationDuration": "0.5s",
        "WebkitAnimationFillMode": "both",
        "animationDuration": "0.5s",
        "animationFillMode": "both"
      }
    }>
    My lovely shopping cart
    <div
      className="list-group">
      <span>
        <div
          className="list-group-item list-group-item-action animated">
          <a
            onClick={[Function bound handleClick]}
            style={Object {}}>
            <div
              className="list-group-item-heading">
              iPad case
            </div>
          </a>
          <div
            className="list-group-item-text row">
            <div
              className="col-xs-12 col-sm-4 col-md-4 col-lg-4 m-b-1">
              <a
                onClick={[Function bound handleClick]}
                style={Object {}}>
                <img
                  className="img-fluid"
                  src="ipad-case1-483x321.jpeg" />
              </a>
            </div>
            <div
              className="col-xs-12 col-sm-4 col-md-4 col-lg-5">
              <div
                className="form-group row">
                <label
                  className="col-xs-6 col-md-5 col-lg-4 col-form-label"
                  htmlFor="quantity">
                  Quantity:
                </label>
                <div
                  className="col-xs-6 col-md-7 col-lg-8">
                  <input
                    className="form-control"
                    onChange={[Function anonymous]}
                    type="number"
                    value={1} />
                </div>
              </div>
              <div
                className="form-group row">
                <label
                  className="col-xs-6 col-md-5 col-lg-4 col-form-label"
                  htmlFor="colour">
                  Colour:
                </label>
                <div
                  className="col-xs-6 col-md-7 col-lg-8 col-form-label">
                  Red
                </div>
              </div>
              <div
                className="form-group row">
                <label
                  className="col-xs-6 col-md-5 col-lg-4 col-form-label"
                  htmlFor="price">
                  Price:
                </label>
                <div
                  className="col-xs-6 col-md-7 col-lg-8 col-form-label">
                  £70
                </div>
              </div>
              <div
                className="form-group row">
                <label
                  className="col-xs-6 col-md-5 col-lg-4 col-form-label"
                  htmlFor="total">
                  Total:
                </label>
                <div
                  className="col-xs-6 col-md-7 col-lg-8 col-form-label">
                  £70
                </div>
              </div>
            </div>
            <div
              className="col-xs-12 col-sm-4 col-md-4 col-lg-3">
              <div
                className="form-group row">
                <div
                  className="col-md-12 text-xs-center">
                  <button
                    className="btn btn-danger form-control"
                    onClick={[Function anonymous]}>
                    <i
                      className="icon-trash" />
                    Remove
                  </button>
                </div>
              </div>
            </div>
          </div>
        </div>
      </span>
    </div>
    <div
      className="row m-t-1">
      <div
        className="col-xs-0 col-sm-2 col-md-2 col-lg-3 col-xl-3" />
      <div
        className="col-xs-12 col-sm-8 col-md-8 col-lg-6 col-xl-6">
        <a />
      </div>
    </div>
  </div>
</div>
`;
