// Jest Snapshot v1, https://goo.gl/fbAQLP

exports[`Cart takes snapshot 1`] = `
<div
  className="my-1 w-100 list-group animated"
>
  My lovely shopping cart
  <div>
    <div
      className="list-group-item list-group-item-action align-items-start animated"
    >
      <div
        className="row align-items-start"
      >
        <div
          className="col-12 col-sm-12 col-md-4 col-lg-4 col-xl-3 my-1"
        >
          <a
            href="/shop/ipad-case"
          >
            <div
              className="list-group-item-heading"
            >
              iPad case
            </div>
            <img
              alt=""
              className="img-fluid"
              src="ipad-case1-483x321.jpeg"
            />
          </a>
        </div>
        <div
          className="col-12 col-sm-12 col-md-5 col-lg-5 col-xl-7"
        >
          <div
            className="form-group row"
          >
            <label
              className="col-6 col-md-5 col-lg-4 col-form-label"
              htmlFor="quantity"
            >
              Quantity:
            </label>
            <div
              className="col-6 col-md-7 col-lg-8"
            >
              <input
                className="form-control"
                onChange={[Function]}
                type="number"
                value={1}
              />
            </div>
          </div>
          <div
            className="form-group row"
          >
            <div
              className="col-xs-6 col-md-5 col-lg-4"
            >
               
              Color:
            </div>
            <div
              className="col-xs-6 col-md-7 col-lg-8"
            >
               
              Red
            </div>
          </div>
          <div
            className="form-group row"
          >
            <div
              className="col-xs-6 col-md-5 col-lg-4"
            >
               
              Price:
            </div>
            <div
              className="col-xs-6 col-md-7 col-lg-8"
            >
               
              £70
            </div>
          </div>
          <div
            className="form-group row"
          >
            <div
              className="col-xs-6 col-md-5 col-lg-4"
            >
               
              Total:
            </div>
            <div
              className="col-xs-6 col-md-7 col-lg-8"
            >
               
              £70
            </div>
          </div>
        </div>
        <div
          className="col-12 col-sm-12 col-md-3 col-lg-3 col-xl-2"
        >
          <div
            className="form-group row"
          >
            <div
              className="col-12 text-center"
            >
              <button
                className="btn btn-danger form-control"
                onClick={[Function]}
                role="button"
                type="button"
              >
                <i
                  className="fa fa-trash mx-1"
                />
                <span>
                  Remove
                </span>
              </button>
            </div>
          </div>
        </div>
      </div>
    </div>
  </div>
  <div
    className="row my-1"
  >
    <div
      className="col-xs-12 col-sm-12 col-md-8 col-lg-6 col-xl-6 m-auto"
    >
      <a />
    </div>
  </div>
</div>
`;
