// Jest Snapshot v1, https://goo.gl/fbAQLP

exports[`CheckoutButton takes snapshot 1`] = `
<a
  className="btn btn-primary btn-block"
  href="/to/checkout/"
  role="button"
  style={
    Object {
      "WebkitAnimationDuration": "0.5s",
      "WebkitAnimationFillMode": "both",
      "animationDuration": "0.5s",
      "animationFillMode": "both",
    }
  }
>
  <i
    className="fa fa-shopping-cart mx-1"
  />
  <span>
    Checkout (Grand total £100)
  </span>
</a>
`;
