exports[`Product takes snapshot 1`] = `"<div><p><strong><!-- react-text: 4 -->Price: <!-- /react-text --><!-- react-text: 5 -->£70.00<!-- /react-text --></strong></p><form class=\"m-t-1\"><div class=\"form-group row\"><label for=\"colour\" class=\"col-xs-3 col-sm-3 col-md-3 col-lg-3 col-form-label\">Colour:</label><div class=\"col-xs-9 col-sm-9 col-md-9 col-lg-9\"><select class=\"form-control\"><option value=\"red\">Red</option><option value=\"green\">Green</option></select></div></div><div class=\"form-group row\"><label for=\"product-quantity\" class=\"col-xs-3 col-sm-3 col-md-3 col-lg-3 col-form-label\">Quantity:</label><div class=\"col-xs-9 col-sm-9 col-md-9 col-lg-9\"><input type=\"number\" class=\"form-control\" value=\"1\"></div></div><button type=\"submit\" class=\"btn btn-success btn-block\"><i class=\"icon-cart-plus\"></i><!-- react-text: 19 -->Add to cart<!-- /react-text --></button><a></a></form></div>"`;
